
==============NVSMI LOG==============

Timestamp                                              : Tue Jul 14 01:39:45 2026
Driver Version                                         : 595.71.05
CUDA Version                                           : 13.2

Attached GPUs                                          : 4
GPU 00000000:01:00.0
    FB Memory Usage
        Total                                          : 49140 MiB
        Reserved                                       : 630 MiB
        Used                                           : 1 MiB
        Free                                           : 48510 MiB
    BAR1 Memory Usage
        Total                                          : 32768 MiB
        Used                                           : 1 MiB
        Free                                           : 32767 MiB
    Conf Compute Protected Memory Usage
        Total                                          : 0 MiB
        Used                                           : 0 MiB
        Free                                           : 0 MiB

GPU 00000000:81:00.0
    FB Memory Usage
        Total                                          : 49140 MiB
        Reserved                                       : 630 MiB
        Used                                           : 1 MiB
        Free                                           : 48510 MiB
    BAR1 Memory Usage
        Total                                          : 32768 MiB
        Used                                           : 1 MiB
        Free                                           : 32767 MiB
    Conf Compute Protected Memory Usage
        Total                                          : 0 MiB
        Used                                           : 0 MiB
        Free                                           : 0 MiB

GPU 00000000:82:00.0
    FB Memory Usage
        Total                                          : 49140 MiB
        Reserved                                       : 630 MiB
        Used                                           : 1 MiB
        Free                                           : 48510 MiB
    BAR1 Memory Usage
        Total                                          : 32768 MiB
        Used                                           : 1 MiB
        Free                                           : 32767 MiB
    Conf Compute Protected Memory Usage
        Total                                          : 0 MiB
        Used                                           : 0 MiB
        Free                                           : 0 MiB

GPU 00000000:C2:00.0
    FB Memory Usage
        Total                                          : 49140 MiB
        Reserved                                       : 630 MiB
        Used                                           : 1 MiB
        Free                                           : 48510 MiB
    BAR1 Memory Usage
        Total                                          : 32768 MiB
        Used                                           : 1 MiB
        Free                                           : 32767 MiB
    Conf Compute Protected Memory Usage
        Total                                          : 0 MiB
        Used                                           : 0 MiB
        Free                                           : 0 MiB

