W0713 17:47:37.068000 264 site-packages/torch/distributed/run.py:774] 
W0713 17:47:37.068000 264 site-packages/torch/distributed/run.py:774] *****************************************
W0713 17:47:37.068000 264 site-packages/torch/distributed/run.py:774] Setting OMP_NUM_THREADS environment variable for each process to be 1 in default, to avoid your system being overloaded, please further tune the variable for optimal performance in your application as needed. 
W0713 17:47:37.068000 264 site-packages/torch/distributed/run.py:774] *****************************************
[env] NCCL_CUMEM_ENABLE=1 NCCL_P2P_LEVEL=SYS world=2 GPU total=47.4 GiB
rank0: resident model = 38.0 GiB (free left 8.9 GiB) — now doing NCCL P2P
d5b3a2b13ebf:297:297 [0] NCCL INFO Bootstrap: Using eth0:<redacted-ip><0>
d5b3a2b13ebf:297:297 [0] NCCL INFO cudaDriverVersion 13020
d5b3a2b13ebf:297:297 [0] NCCL INFO NCCL version 2.27.3+cuda12.9
d5b3a2b13ebf:297:297 [0] NCCL INFO Comm config Blocking set to 1
rank1: resident model = 38.0 GiB (free left 8.9 GiB) — now doing NCCL P2P
d5b3a2b13ebf:298:298 [1] NCCL INFO cudaDriverVersion 13020
d5b3a2b13ebf:298:298 [1] NCCL INFO Bootstrap: Using eth0:<redacted-ip><0>
d5b3a2b13ebf:298:298 [1] NCCL INFO NCCL version 2.27.3+cuda12.9
d5b3a2b13ebf:298:298 [1] NCCL INFO Comm config Blocking set to 1
d5b3a2b13ebf:297:311 [0] NCCL INFO NET/Plugin: Could not find: libnccl-net.so. 
d5b3a2b13ebf:297:311 [0] NCCL INFO Failed to open libibverbs.so[.1]
d5b3a2b13ebf:297:311 [0] NCCL INFO NET/Socket : Using [0]eth0:<redacted-ip><0>
d5b3a2b13ebf:297:311 [0] NCCL INFO Initialized NET plugin Socket
d5b3a2b13ebf:297:311 [0] NCCL INFO Assigned NET plugin Socket to comm
d5b3a2b13ebf:297:311 [0] NCCL INFO Using network Socket
d5b3a2b13ebf:297:311 [0] NCCL INFO ncclCommInitRankConfig comm 0x61ba16b35bd0 rank 0 nranks 2 cudaDev 0 nvmlDev 0 busId 1000 commId 0xbe7419d3754a3a23 - Init START
d5b3a2b13ebf:298:313 [1] NCCL INFO NET/Plugin: Could not find: libnccl-net.so. 
d5b3a2b13ebf:298:313 [1] NCCL INFO Failed to open libibverbs.so[.1]
d5b3a2b13ebf:298:313 [1] NCCL INFO NET/Socket : Using [0]eth0:<redacted-ip><0>
d5b3a2b13ebf:298:313 [1] NCCL INFO Initialized NET plugin Socket
d5b3a2b13ebf:298:313 [1] NCCL INFO Assigned NET plugin Socket to comm
d5b3a2b13ebf:298:313 [1] NCCL INFO Using network Socket
d5b3a2b13ebf:298:313 [1] NCCL INFO ncclCommInitRankConfig comm 0x6463b63a4d80 rank 1 nranks 2 cudaDev 1 nvmlDev 1 busId 81000 commId 0xbe7419d3754a3a23 - Init START
d5b3a2b13ebf:298:313 [1] NCCL INFO RAS client listening socket at ::1<28028>
d5b3a2b13ebf:297:311 [0] NCCL INFO RAS client listening socket at ::1<28028>
d5b3a2b13ebf:297:311 [0] NCCL INFO Bootstrap timings total 0.107376 (create 0.000040, send 0.000141, recv 0.106581, ring 0.000036, delay 0.000000)
d5b3a2b13ebf:298:313 [1] NCCL INFO Bootstrap timings total 0.001088 (create 0.000039, send 0.000141, recv 0.000376, ring 0.000049, delay 0.000000)
d5b3a2b13ebf:297:311 [0] NCCL INFO NCCL_CUMEM_ENABLE set by environment to 1.
d5b3a2b13ebf:298:313 [1] NCCL INFO NCCL_CUMEM_ENABLE set by environment to 1.
d5b3a2b13ebf:298:313 [1] NCCL INFO NCCL_P2P_LEVEL set by environment to SYS
d5b3a2b13ebf:297:311 [0] NCCL INFO NCCL_P2P_LEVEL set by environment to SYS
d5b3a2b13ebf:298:313 [1] NCCL INFO comm 0x6463b63a4d80 rank 1 nRanks 2 nNodes 1 localRanks 2 localRank 1 MNNVL 0
d5b3a2b13ebf:297:311 [0] NCCL INFO comm 0x61ba16b35bd0 rank 0 nRanks 2 nNodes 1 localRanks 2 localRank 0 MNNVL 0
d5b3a2b13ebf:298:313 [1] NCCL INFO Trees [0] -1/-1/-1->1->0 [1] 0/-1/-1->1->-1 [2] -1/-1/-1->1->0 [3] 0/-1/-1->1->-1
d5b3a2b13ebf:298:313 [1] NCCL INFO P2P Chunksize set to 131072
d5b3a2b13ebf:297:311 [0] NCCL INFO Channel 00/04 : 0 1
d5b3a2b13ebf:297:311 [0] NCCL INFO Channel 01/04 : 0 1
d5b3a2b13ebf:297:311 [0] NCCL INFO Channel 02/04 : 0 1
d5b3a2b13ebf:297:311 [0] NCCL INFO Channel 03/04 : 0 1
d5b3a2b13ebf:297:311 [0] NCCL INFO Trees [0] 1/-1/-1->0->-1 [1] -1/-1/-1->0->1 [2] 1/-1/-1->0->-1 [3] -1/-1/-1->0->1
d5b3a2b13ebf:297:311 [0] NCCL INFO P2P Chunksize set to 131072
d5b3a2b13ebf:298:313 [1] NCCL INFO PROFILER/Plugin: Could not find: libnccl-profiler.so. 
d5b3a2b13ebf:297:311 [0] NCCL INFO PROFILER/Plugin: Could not find: libnccl-profiler.so. 
d5b3a2b13ebf:297:311 [0] NCCL INFO Check P2P Type isAllDirectP2p 1 directMode 0
d5b3a2b13ebf:298:316 [1] NCCL INFO [Proxy Service] Device 1 CPU core 15
d5b3a2b13ebf:298:318 [1] NCCL INFO [Proxy Service UDS] Device 1 CPU core 17
d5b3a2b13ebf:297:317 [0] NCCL INFO [Proxy Service] Device 0 CPU core 5
d5b3a2b13ebf:297:319 [0] NCCL INFO [Proxy Service UDS] Device 0 CPU core 7
d5b3a2b13ebf:298:313 [1] NCCL INFO threadThresholds 8/8/64 | 16/8/64 | 512 | 512
d5b3a2b13ebf:298:313 [1] NCCL INFO 4 coll channels, 4 collnet channels, 0 nvls channels, 4 p2p channels, 2 p2p channels per peer
d5b3a2b13ebf:297:311 [0] NCCL INFO threadThresholds 8/8/64 | 16/8/64 | 512 | 512
d5b3a2b13ebf:297:311 [0] NCCL INFO 4 coll channels, 4 collnet channels, 0 nvls channels, 4 p2p channels, 2 p2p channels per peer
d5b3a2b13ebf:297:311 [0] NCCL INFO CC Off, workFifoBytes 1048576
d5b3a2b13ebf:298:313 [1] NCCL INFO TUNER/Plugin: Could not find: libnccl-tuner.so. Using internal tuner plugin.
d5b3a2b13ebf:298:313 [1] NCCL INFO ncclCommInitRankConfig comm 0x6463b63a4d80 rank 1 nranks 2 cudaDev 1 nvmlDev 1 busId 81000 commId 0xbe7419d3754a3a23 - Init COMPLETE
d5b3a2b13ebf:297:311 [0] NCCL INFO TUNER/Plugin: Could not find: libnccl-tuner.so. Using internal tuner plugin.
d5b3a2b13ebf:298:313 [1] NCCL INFO Init timings - ncclCommInitRankConfig: rank 1 nranks 2 total 0.21 (kernels 0.19, alloc 0.00, bootstrap 0.00, allgathers 0.00, topo 0.01, graphs 0.00, connections 0.00, rest 0.00)
d5b3a2b13ebf:297:311 [0] NCCL INFO ncclCommInitRankConfig comm 0x61ba16b35bd0 rank 0 nranks 2 cudaDev 0 nvmlDev 0 busId 1000 commId 0xbe7419d3754a3a23 - Init COMPLETE
d5b3a2b13ebf:297:311 [0] NCCL INFO Init timings - ncclCommInitRankConfig: rank 0 nranks 2 total 0.33 (kernels 0.19, alloc 0.02, bootstrap 0.11, allgathers 0.00, topo 0.01, graphs 0.00, connections 0.00, rest 0.00)
d5b3a2b13ebf:297:321 [0] NCCL INFO Channel 00/0 : 0[0] -> 1[1] via P2P/CUMEM
d5b3a2b13ebf:298:320 [1] NCCL INFO Channel 00/0 : 1[1] -> 0[0] via P2P/CUMEM
d5b3a2b13ebf:297:321 [0] NCCL INFO Channel 01/0 : 0[0] -> 1[1] via P2P/CUMEM
d5b3a2b13ebf:298:320 [1] NCCL INFO Channel 01/0 : 1[1] -> 0[0] via P2P/CUMEM
d5b3a2b13ebf:297:321 [0] NCCL INFO Channel 02/0 : 0[0] -> 1[1] via P2P/CUMEM
d5b3a2b13ebf:297:321 [0] NCCL INFO Channel 03/0 : 0[0] -> 1[1] via P2P/CUMEM
d5b3a2b13ebf:298:320 [1] NCCL INFO Channel 02/0 : 1[1] -> 0[0] via P2P/CUMEM
d5b3a2b13ebf:298:320 [1] NCCL INFO Channel 03/0 : 1[1] -> 0[0] via P2P/CUMEM
d5b3a2b13ebf:298:320 [1] NCCL INFO Connected all rings, use ring PXN 0 GDR 1
d5b3a2b13ebf:297:321 [0] NCCL INFO Connected all rings, use ring PXN 0 GDR 1
rank1: all_reduce OK  correct=True  peak_resident=39.4 GiB
/opt/conda/lib/python3.11/site-packages/torch/distributed/distributed_c10d.py:4807: UserWarning: No device id is provided via `init_process_group` or `barrier `. Using the current device set by the user. 
  warnings.warn(  # warn only once
rank0: all_reduce OK  correct=True  peak_resident=39.4 GiB
/opt/conda/lib/python3.11/site-packages/torch/distributed/distributed_c10d.py:4807: UserWarning: No device id is provided via `init_process_group` or `barrier `. Using the current device set by the user. 
  warnings.warn(  # warn only once

==== PASS — NCCL P2P works with >32 GiB resident  (model 38.0 GiB > 32 GiB, P2P collective correct) ====
d5b3a2b13ebf:297:297 [0] NCCL INFO comm 0x61ba16b35bd0 rank 0 nranks 2 cudaDev 0 busId 1000 - Destroy COMPLETE
d5b3a2b13ebf:298:298 [1] NCCL INFO comm 0x6463b63a4d80 rank 1 nranks 2 cudaDev 1 busId 81000 - Destroy COMPLETE
